// Jest Snapshot v1, https://goo.gl/fbAQLP

exports[`should render ExpenseDashboard correctly 1`] = `
<div>
  <Component />
  <Connect(ExpensesSummary) />
  <Connect(ExpenseListFilters) />
  <Connect(ExpenseList) />
</div>
`;
