// Jest Snapshot v1, https://goo.gl/fbAQLP

exports[`should render ExpenseList with empty message 1`] = `
<div>
  <p>
    No Expenses
  </p>
</div>
`;

exports[`should render ExpenseList with expenses 1`] = `
<div>
  <ExpenseListItem
    amount={190}
    createdAt={0}
    description="Bill test"
    id="1"
    key="1"
    note=""
  />
  <ExpenseListItem
    amount={1850}
    createdAt={-345600000}
    description="Water test"
    id="2"
    key="2"
    note=""
  />
  <ExpenseListItem
    amount={11950}
    createdAt={345600000}
    description="Rent"
    id="3"
    key="3"
    note=""
  />
</div>
`;
