// Jest Snapshot v1, https://goo.gl/fbAQLP

exports[`should render Header correctly 1`] = `
<header
  className="header"
>
  <div
    className="content-container"
  >
    <div
      className="header__content"
    >
      <div
        className="show-for-mobile"
      >
        <button
          className="mobile__hamburger"
          onClick={[Function]}
          role="menu"
          title="Navigation menu hamburger"
        >
          üçî
        </button>
      </div>
      <Link
        className="header__title"
        replace={false}
        to="/dashboard"
      >
        <h1>
          Expensified
        </h1>
      </Link>
      <div
        className="header__profile show-for-desktop"
      >
        <div
          className="header__avatar"
        >
          <img
            className="avatar avatar--sphere"
            src="https://gravatar.com/avatar/55502f40dc8b7c769880b10874abc9d0?s=200"
          />
          <small
            style={
              Object {
                "color": "#dcdcdc",
                "paddingRight": "1rem",
              }
            }
          />
        </div>
        <div
          style={
            Object {
              "alignSelf": "center",
            }
          }
        >
          <button
            className="button button--trans"
            onClick={[Function]}
          >
            Logout
          </button>
        </div>
      </div>
    </div>
  </div>
</header>
`;
