// Jest Snapshot v1, https://goo.gl/fbAQLP

exports[`should render LoginPage correctly 1`] = `
<div>
  <h2>
    Login with your username and password
  </h2>
  <button
    onClick={[Function]}
  >
    Login
  </button>
</div>
`;
